---
source: src/core/src/resource/key.rs
expression: key
---
{
  "file": "",
  "signature": "KEY",
  "version": "V1",
  "resources_offset": 5449,
  "resources_size": 41793,
  "bif_offset": 24,
  "bif_size": 182,
  "bif_entryies": [
    {
      "index": 0,
      "file_name": "data/default.bif",
      "file_size": 5847739,
      "file": null,
      "directory": "Cache"
    },
    {
      "index": 1,
      "file_name": "data/items.bif",
      "file_size": 659688,
      "file": null,
      "directory": "Cache"
    },
    {
      "index": 2,
      "file_name": "data/objanim.bif",
      "file_size": 26139137,
      "file": null,
      "directory": "Cache"
    },
    {
      "index": 3,
      "file_name": "data/effects.bif",
      "file_size": 150408,
      "file": null,
      "directory": "Cache"
    },
    {
      "index": 4,
      "file_name": "data/chaanim.bif",
      "file_size": 94931128,
      "file": null,
      "directory": "Cache"
    },
    {
      "index": 5,
      "file_name": "data/creanim.bif",
      "file_size": 35328021,
      "file": null,
      "directory": {
        "Unknown": 121
      }
    },
    {
      "index": 6,
      "file_name": "data/portrait.bif",
      "file_size": 13746432,
      "file": null,
      "directory": "Cache"
    },
    {
      "index": 7,
      "file_name": "data/npcanim.bif",
      "file_size": 12165563,
      "file": null,
      "directory": "Cache"
    },
    {
      "index": 8,
      "file_name": "data/guimosc.bif",
      "file_size": 46478937,
      "file": null,
      "directory": {
        "Unknown": 121
      }
    },
    {
      "index": 9,
      "file_name": "data/guifont.bif",
      "file_size": 123946,
      "file": null,
      "directory": "Cache"
    },
    {
      "index": 10,
      "file_name": "data/guidesc.bif",
      "file_size": 7593717,
      "file": null,
      "directory": "Cache"
    },
    {
      "index": 11,
      "file_name": "data/guibam.bif",
      "file_size": 6110183,
      "file": null,
      "directory": "Cache"
    },
    {
      "index": 12,
      "file_name": "data/guiicon.bif",
      "file_size": 3947747,
      "file": null,
      "directory": "Cache"
    },
    {
      "index": 13,
      "file_name": "data/guichui.bif",
      "file_size": 158458,
      "file": null,
      "directory": "Cache"
    },
    {
      "index": 14,
      "file_name": "data/creature.bif",
      "file_size": 4197084,
      "file": null,
      "directory": "Cache"
    },
    {
      "index": 15,
      "file_name": "data/dialog.bif",
      "file_size": 4557664,
      "file": null,
      "directory": "Cache"
    },
    {
      "index": 16,
      "file_name": "data/miscanim.bif",
      "file_size": 14782812,
      "file": null,
      "directory": "Cache"
    },
    {
      "index": 17,
      "file_name": "movies/movies.bif",
      "file_size": 8188068,
      "file": null,
      "directory": "Cd7"
    },
    {
      "index": 18,
      "file_name": "data/spells.bif",
      "file_size": 0,
      "file": null,
      "directory": "Cache"
    },
    {
      "index": 19,
      "file_name": "data/spelanim.bif",
      "file_size": 14133027,
      "file": null,
      "directory": "Cache"
    },
    {
      "index": 20,
      "file_name": "data/chasound.bif",
      "file_size": 73325139,
      "file": null,
      "directory": "Cache"
    },
    {
      "index": 21,
      "file_name": "data/cresound.bif",
      "file_size": 15195848,
      "file": null,
      "directory": "Cache"
    },
    {
      "index": 22,
      "file_name": "data/missound.bif",
      "file_size": 51080,
      "file": null,
      "directory": "Cache"
    },
    {
      "index": 23,
      "file_name": "data/npcsound.bif",
      "file_size": 44553863,
      "file": null,
      "directory": {
        "Unknown": 57
      }
    },
    {
      "index": 24,
      "file_name": "data/scripts.bif",
      "file_size": 6510702,
      "file": null,
      "directory": "Cache"
    },
    {
      "index": 25,
      "file_name": "data/armisc.bif",
      "file_size": 1739005,
      "file": null,
      "directory": "Cache"
    },
    {
      "index": 26,
      "file_name": "data/areas.bif",
      "file_size": 2463304,
      "file": null,
      "directory": "Cache"
    },
    {
      "index": 27,
      "file_name": "data/area020a.bif",
      "file_size": 55992557,
      "file": null,
      "directory": {
        "Unknown": 16
      }
    },
    {
      "index": 28,
      "file_name": "data/area060a.bif",
      "file_size": 52132120,
      "file": null,
      "directory": "Cd7"
    },
    {
      "index": 29,
      "file_name": "data/area070a.bif",
      "file_size": 8236488,
      "file": null,
      "directory": "Cd7"
    },
    {
      "index": 30,
      "file_name": "data/area1900.bif",
      "file_size": 44734612,
      "file": null,
      "directory": {
        "Unknown": 16
      }
    },
    {
      "index": 31,
      "file_name": "data/area030a.bif",
      "file_size": 55694059,
      "file": null,
      "directory": "Cd7"
    },
    {
      "index": 32,
      "file_name": "data/area0300.bif",
      "file_size": 65370567,
      "file": null,
      "directory": "Cd7"
    },
    {
      "index": 33,
      "file_name": "data/area0600.bif",
      "file_size": 13145481,
      "file": null,
      "directory": "Cd7"
    },
    {
      "index": 34,
      "file_name": "data/stores.bif",
      "file_size": 156344,
      "file": null,
      "directory": "Cache"
    },
    {
      "index": 35,
      "file_name": "data/area0400.bif",
      "file_size": 32206146,
      "file": null,
      "directory": "Cd7"
    },
    {
      "index": 36,
      "file_name": "data/area040a.bif",
      "file_size": 46755858,
      "file": null,
      "directory": "Cd7"
    },
    {
      "index": 37,
      "file_name": "data/area0500.bif",
      "file_size": 55383934,
      "file": null,
      "directory": "Cd7"
    },
    {
      "index": 38,
      "file_name": "data/area050a.bif",
      "file_size": 40050078,
      "file": null,
      "directory": "Cd7"
    },
    {
      "index": 39,
      "file_name": "data/area0700.bif",
      "file_size": 52462887,
      "file": null,
      "directory": "Cd7"
    },
    {
      "index": 40,
      "file_name": "data/progtest.bif",
      "file_size": 133803439,
      "file": null,
      "directory": {
        "Unknown": 128
      }
    },
    {
      "index": 41,
      "file_name": "data/area000a.bif",
      "file_size": 27729850,
      "file": null,
      "directory": {
        "Unknown": 120
      }
    },
    {
      "index": 42,
      "file_name": "data/area0800.bif",
      "file_size": 9488062,
      "file": null,
      "directory": "Cd7"
    },
    {
      "index": 43,
      "file_name": "data/progtes2.bif",
      "file_size": 44111212,
      "file": null,
      "directory": {
        "Unknown": 128
      }
    },
    {
      "index": 44,
      "file_name": "data/area090a.bif",
      "file_size": 34628204,
      "file": null,
      "directory": {
        "Unknown": 16
      }
    },
    {
      "index": 45,
      "file_name": "data/area080b.bif",
      "file_size": 20997425,
      "file": null,
      "directory": "Cd7"
    },
    {
      "index": 46,
      "file_name": "data/area080a.bif",
      "file_size": 23969812,
      "file": null,
      "directory": "Cd7"
    },
    {
      "index": 47,
      "file_name": "data/area0900.bif",
      "file_size": 61931741,
      "file": null,
      "directory": {
        "Unknown": 16
      }
    },
    {
      "index": 48,
      "file_name": "data/area1000.bif",
      "file_size": 52791759,
      "file": null,
      "directory": "Cd7"
    },
    {
      "index": 49,
      "file_name": "data/area100a.bif",
      "file_size": 16263432,
      "file": null,
      "directory": "Cd7"
    },
    {
      "index": 50,
      "file_name": "data/area070b.bif",
      "file_size": 6439942,
      "file": null,
      "directory": "Cd7"
    },
    {
      "index": 51,
      "file_name": "data/area110a.bif",
      "file_size": 10493189,
      "file": null,
      "directory": {
        "Unknown": 16
      }
    },
    {
      "index": 52,
      "file_name": "data/area020b.bif",
      "file_size": 11263631,
      "file": null,
      "directory": {
        "Unknown": 16
      }
    },
    {
      "index": 53,
      "file_name": "data/area040b.bif",
      "file_size": 31888243,
      "file": null,
      "directory": "Cd7"
    },
    {
      "index": 54,
      "file_name": "data/area120a.bif",
      "file_size": 23049611,
      "file": null,
      "directory": {
        "Unknown": 16
      }
    },
    {
      "index": 55,
      "file_name": "data/area1200.bif",
      "file_size": 27767309,
      "file": null,
      "directory": {
        "Unknown": 16
      }
    },
    {
      "index": 56,
      "file_name": "data/area1100.bif",
      "file_size": 28825052,
      "file": null,
      "directory": {
        "Unknown": 16
      }
    },
    {
      "index": 57,
      "file_name": "data/project.bif",
      "file_size": 101668,
      "file": null,
      "directory": "Cache"
    },
    {
      "index": 58,
      "file_name": "data/area130a.bif",
      "file_size": 23507305,
      "file": null,
      "directory": {
        "Unknown": 16
      }
    },
    {
      "index": 59,
      "file_name": "data/area1300.bif",
      "file_size": 26219535,
      "file": null,
      "directory": {
        "Unknown": 16
      }
    },
    {
      "index": 60,
      "file_name": "data/area1400.bif",
      "file_size": 31779048,
      "file": null,
      "directory": {
        "Unknown": 16
      }
    },
    {
      "index": 61,
      "file_name": "data/area140a.bif",
      "file_size": 20328504,
      "file": null,
      "directory": {
        "Unknown": 16
      }
    },
    {
      "index": 62,
      "file_name": "data/area190a.bif",
      "file_size": 10862871,
      "file": null,
      "directory": {
        "Unknown": 16
      }
    },
    {
      "index": 63,
      "file_name": "data/area040d.bif",
      "file_size": 23202880,
      "file": null,
      "directory": "Cd7"
    },
    {
      "index": 64,
      "file_name": "data/area000b.bif",
      "file_size": 7884232,
      "file": null,
      "directory": {
        "Unknown": 120
      }
    },
    {
      "index": 65,
      "file_name": "data/area130b.bif",
      "file_size": 26333688,
      "file": null,
      "directory": {
        "Unknown": 16
      }
    },
    {
      "index": 66,
      "file_name": "data/area150a.bif",
      "file_size": 21573859,
      "file": null,
      "directory": {
        "Unknown": 16
      }
    },
    {
      "index": 67,
      "file_name": "data/area140b.bif",
      "file_size": 17650124,
      "file": null,
      "directory": {
        "Unknown": 16
      }
    },
    {
      "index": 68,
      "file_name": "data/area1500.bif",
      "file_size": 12712730,
      "file": null,
      "directory": {
        "Unknown": 16
      }
    },
    {
      "index": 69,
      "file_name": "data/area2000.bif",
      "file_size": 40095298,
      "file": null,
      "directory": {
        "Unknown": 16
      }
    },
    {
      "index": 70,
      "file_name": "data/area1600.bif",
      "file_size": 17123024,
      "file": null,
      "directory": {
        "Unknown": 16
      }
    },
    {
      "index": 71,
      "file_name": "data/area200a.bif",
      "file_size": 15292564,
      "file": null,
      "directory": {
        "Unknown": 16
      }
    },
    {
      "index": 72,
      "file_name": "data/area200b.bif",
      "file_size": 3558137,
      "file": null,
      "directory": {
        "Unknown": 16
      }
    },
    {
      "index": 73,
      "file_name": "data/area150b.bif",
      "file_size": 28591921,
      "file": null,
      "directory": {
        "Unknown": 16
      }
    },
    {
      "index": 74,
      "file_name": "data/area150c.bif",
      "file_size": 19253771,
      "file": null,
      "directory": {
        "Unknown": 16
      }
    },
    {
      "index": 75,
      "file_name": "data/area000c.bif",
      "file_size": 7356221,
      "file": null,
      "directory": {
        "Unknown": 120
      }
    },
    {
      "index": 76,
      "file_name": "data/area000d.bif",
      "file_size": 8136693,
      "file": null,
      "directory": {
        "Unknown": 120
      }
    },
    {
      "index": 77,
      "file_name": "data/area160b.bif",
      "file_size": 7542904,
      "file": null,
      "directory": {
        "Unknown": 16
      }
    },
    {
      "index": 78,
      "file_name": "data/area210a.bif",
      "file_size": 18316111,
      "file": null,
      "directory": {
        "Unknown": 32
      }
    },
    {
      "index": 79,
      "file_name": "data/area1700.bif",
      "file_size": 17200198,
      "file": null,
      "directory": {
        "Unknown": 32
      }
    },
    {
      "index": 80,
      "file_name": "data/area2100.bif",
      "file_size": 27270164,
      "file": null,
      "directory": {
        "Unknown": 32
      }
    },
    {
      "index": 81,
      "file_name": "data/area2200.bif",
      "file_size": 25379510,
      "file": null,
      "directory": {
        "Unknown": 32
      }
    },
    {
      "index": 82,
      "file_name": "data/criwanim.bif",
      "file_size": 60941181,
      "file": null,
      "directory": "Cache"
    },
    {
      "index": 83,
      "file_name": "data/area2400.bif",
      "file_size": 18720498,
      "file": null,
      "directory": {
        "Unknown": 32
      }
    },
    {
      "index": 84,
      "file_name": "data/area1800.bif",
      "file_size": 6997449,
      "file": null,
      "directory": {
        "Unknown": 32
      }
    },
    {
      "index": 85,
      "file_name": "data/area2500.bif",
      "file_size": 9867240,
      "file": null,
      "directory": {
        "Unknown": 32
      }
    },
    {
      "index": 86,
      "file_name": "data/area210b.bif",
      "file_size": 13221637,
      "file": null,
      "directory": {
        "Unknown": 32
      }
    },
    {
      "index": 87,
      "file_name": "data/area000e.bif",
      "file_size": 5151931,
      "file": null,
      "directory": {
        "Unknown": 120
      }
    },
    {
      "index": 88,
      "file_name": "data/area2300.bif",
      "file_size": 30761855,
      "file": null,
      "directory": {
        "Unknown": 32
      }
    },
    {
      "index": 89,
      "file_name": "data/area220a.bif",
      "file_size": 29953877,
      "file": null,
      "directory": {
        "Unknown": 32
      }
    },
    {
      "index": 90,
      "file_name": "data/area2600.bif",
      "file_size": 24448110,
      "file": null,
      "directory": {
        "Unknown": 32
      }
    },
    {
      "index": 91,
      "file_name": "data/area160a.bif",
      "file_size": 16478213,
      "file": null,
      "directory": {
        "Unknown": 16
      }
    },
    {
      "index": 92,
      "file_name": "data/area260a.bif",
      "file_size": 4637424,
      "file": null,
      "directory": {
        "Unknown": 32
      }
    },
    {
      "index": 93,
      "file_name": "data/area2700.bif",
      "file_size": 15089700,
      "file": null,
      "directory": {
        "Unknown": 32
      }
    },
    {
      "index": 94,
      "file_name": "data/area2800.bif",
      "file_size": 49473215,
      "file": null,
      "directory": {
        "Unknown": 32
      }
    },
    {
      "index": 95,
      "file_name": "data/area280a.bif",
      "file_size": 14418244,
      "file": null,
      "directory": {
        "Unknown": 32
      }
    },
    {
      "index": 96,
      "file_name": "data/area2900.bif",
      "file_size": 16958558,
      "file": null,
      "directory": {
        "Unknown": 32
      }
    },
    {
      "index": 97,
      "file_name": "data/area290a.bif",
      "file_size": 20611621,
      "file": null,
      "directory": {
        "Unknown": 32
      }
    },
    {
      "index": 98,
      "file_name": "data/paperdol.bif",
      "file_size": 8333725,
      "file": null,
      "directory": "Cache"
    },
    {
      "index": 99,
      "file_name": "data/creanim1.bif",
      "file_size": 63927017,
      "file": null,
      "directory": {
        "Unknown": 57
      }
    },
    {
      "index": 100,
      "file_name": "data/area070c.bif",
      "file_size": 1776224,
      "file": null,
      "directory": "Cd7"
    },
    {
      "index": 101,
      "file_name": "data/movhd0.bif",
      "file_size": 18987040,
      "file": null,
      "directory": {
        "Unknown": 121
      }
    },
    {
      "index": 102,
      "file_name": "movies/movend.bif",
      "file_size": 93269184,
      "file": null,
      "directory": {
        "Unknown": 32
      }
    },
    {
      "index": 103,
      "file_name": "movies/movintro.bif",
      "file_size": 54513286,
      "file": null,
      "directory": "Cd7"
    },
    {
      "index": 104,
      "file_name": "data/area000h.bif",
      "file_size": 7673095,
      "file": null,
      "directory": {
        "Unknown": 120
      }
    },
    {
      "index": 105,
      "file_name": "data/sfxsound.bif",
      "file_size": 34405842,
      "file": null,
      "directory": "Cache"
    },
    {
      "index": 106,
      "file_name": "data/area280b.bif",
      "file_size": 17729218,
      "file": null,
      "directory": {
        "Unknown": 32
      }
    },
    {
      "index": 107,
      "file_name": "data/area030b.bif",
      "file_size": 16518229,
      "file": null,
      "directory": "Cd7"
    },
    {
      "index": 108,
      "file_name": "data/area050b.bif",
      "file_size": 25013274,
      "file": null,
      "directory": "Cd7"
    },
    {
      "index": 109,
      "file_name": "data/area040c.bif",
      "file_size": 6359303,
      "file": null,
      "directory": "Cd7"
    },
    {
      "index": 110,
      "file_name": "data/area090b.bif",
      "file_size": 13149031,
      "file": null,
      "directory": {
        "Unknown": 16
      }
    },
    {
      "index": 111,
      "file_name": "data/area090c.bif",
      "file_size": 11055260,
      "file": null,
      "directory": {
        "Unknown": 16
      }
    },
    {
      "index": 112,
      "file_name": "data/cd3crean.bif",
      "file_size": 19882759,
      "file": null,
      "directory": {
        "Unknown": 81
      }
    },
    {
      "index": 113,
      "file_name": "data/cd4crean.bif",
      "file_size": 23135666,
      "file": null,
      "directory": {
        "Unknown": 33
      }
    },
    {
      "index": 114,
      "file_name": "data/cdcreani.bif",
      "file_size": 21687376,
      "file": null,
      "directory": {
        "Unknown": 49
      }
    },
    {
      "index": 115,
      "file_name": "data/area120b.bif",
      "file_size": 15765430,
      "file": null,
      "directory": {
        "Unknown": 16
      }
    },
    {
      "index": 116,
      "file_name": "data/ambsound.bif",
      "file_size": 42814843,
      "file": null,
      "directory": "Cache"
    },
    {
      "index": 117,
      "file_name": "data/area060b.bif",
      "file_size": 8896925,
      "file": null,
      "directory": "Cd7"
    },
    {
      "index": 118,
      "file_name": "data/npcsocd2.bif",
      "file_size": 11489025,
      "file": null,
      "directory": "Cache"
    },
    {
      "index": 119,
      "file_name": "data/npcsocd3.bif",
      "file_size": 9565466,
      "file": null,
      "directory": {
        "Unknown": 121
      }
    },
    {
      "index": 120,
      "file_name": "data/npcsocd4.bif",
      "file_size": 10595448,
      "file": null,
      "directory": "Cache"
    },
    {
      "index": 121,
      "file_name": "data/hd0cran.bif",
      "file_size": 0,
      "file": null,
      "directory": "Cache"
    },
    {
      "index": 122,
      "file_name": "data/cd3crea2.bif",
      "file_size": 3913279,
      "file": null,
      "directory": {
        "Unknown": 17
      }
    },
    {
      "index": 123,
      "file_name": "data/cd4crea2.bif",
      "file_size": 7371056,
      "file": null,
      "directory": {
        "Unknown": 33
      }
    },
    {
      "index": 124,
      "file_name": "data/cd4crea3.bif",
      "file_size": 6661604,
      "file": null,
      "directory": {
        "Unknown": 97
      }
    },
    {
      "index": 125,
      "file_name": "movies/movcd3.bif",
      "file_size": 6967442,
      "file": null,
      "directory": {
        "Unknown": 16
      }
    },
    {
      "index": 126,
      "file_name": "data/hd0gmosc.bif",
      "file_size": 1406803,
      "file": null,
      "directory": "Cache"
    },
    {
      "index": 127,
      "file_name": "data/npchd0so.bif",
      "file_size": 6452152,
      "file": null,
      "directory": "Cache"
    },
    {
      "index": 128,
      "file_name": "data/desound.bif",
      "file_size": 619279,
      "file": null,
      "directory": "Cache"
    },
    {
      "index": 129,
      "file_name": "data/area4000.bif",
      "file_size": 8253700,
      "file": null,
      "directory": {
        "Unknown": 64
      }
    },
    {
      "index": 130,
      "file_name": "data/area4500.bif",
      "file_size": 25568032,
      "file": null,
      "directory": {
        "Unknown": 64
      }
    },
    {
      "index": 131,
      "file_name": "data/area3000.bif",
      "file_size": 13147893,
      "file": null,
      "directory": {
        "Unknown": 64
      }
    },
    {
      "index": 132,
      "file_name": "data/25scripts.bif",
      "file_size": 3935784,
      "file": null,
      "directory": {
        "Unknown": 65
      }
    },
    {
      "index": 133,
      "file_name": "data/25creatures.bif",
      "file_size": 1463444,
      "file": null,
      "directory": {
        "Unknown": 65
      }
    },
    {
      "index": 134,
      "file_name": "data/25areas.bif",
      "file_size": 745628,
      "file": null,
      "directory": {
        "Unknown": 65
      }
    },
    {
      "index": 135,
      "file_name": "data/area300a.bif",
      "file_size": 41257206,
      "file": null,
      "directory": {
        "Unknown": 64
      }
    },
    {
      "index": 136,
      "file_name": "data/25items.bif",
      "file_size": 222370,
      "file": null,
      "directory": {
        "Unknown": 65
      }
    },
    {
      "index": 137,
      "file_name": "data/25spells.bif",
      "file_size": 229496,
      "file": null,
      "directory": {
        "Unknown": 65
      }
    },
    {
      "index": 138,
      "file_name": "data/stores.bif",
      "file_size": 156344,
      "file": null,
      "directory": "Cache"
    },
    {
      "index": 139,
      "file_name": "data/area5500.bif",
      "file_size": 15390910,
      "file": null,
      "directory": {
        "Unknown": 64
      }
    },
    {
      "index": 140,
      "file_name": "data/area300b.bif",
      "file_size": 18512441,
      "file": null,
      "directory": {
        "Unknown": 64
      }
    },
    {
      "index": 141,
      "file_name": "data/25deflt.bif",
      "file_size": 2818187,
      "file": null,
      "directory": {
        "Unknown": 65
      }
    },
    {
      "index": 142,
      "file_name": "data/25dialog.bif",
      "file_size": 705847,
      "file": null,
      "directory": {
        "Unknown": 65
      }
    },
    {
      "index": 143,
      "file_name": "data/25effect.bif",
      "file_size": 44212,
      "file": null,
      "directory": {
        "Unknown": 65
      }
    },
    {
      "index": 144,
      "file_name": "data/25store.bif",
      "file_size": 51164,
      "file": null,
      "directory": {
        "Unknown": 65
      }
    },
    {
      "index": 145,
      "file_name": "data/area300c.bif",
      "file_size": 27000450,
      "file": null,
      "directory": {
        "Unknown": 64
      }
    },
    {
      "index": 146,
      "file_name": "data/25guibam.bif",
      "file_size": 1033328,
      "file": null,
      "directory": {
        "Unknown": 65
      }
    },
    {
      "index": 147,
      "file_name": "data/25sndfx.bif",
      "file_size": 2284216,
      "file": null,
      "directory": {
        "Unknown": 65
      }
    },
    {
      "index": 148,
      "file_name": "data/area300d.bif",
      "file_size": 27392587,
      "file": null,
      "directory": {
        "Unknown": 64
      }
    },
    {
      "index": 149,
      "file_name": "data/area300e.bif",
      "file_size": 38754876,
      "file": null,
      "directory": {
        "Unknown": 64
      }
    },
    {
      "index": 150,
      "file_name": "data/area550a.bif",
      "file_size": 16191680,
      "file": null,
      "directory": {
        "Unknown": 64
      }
    },
    {
      "index": 151,
      "file_name": "data/25iwanim.bif",
      "file_size": 25720292,
      "file": null,
      "directory": {
        "Unknown": 65
      }
    },
    {
      "index": 152,
      "file_name": "data/area5200.bif",
      "file_size": 9564413,
      "file": null,
      "directory": {
        "Unknown": 64
      }
    },
    {
      "index": 153,
      "file_name": "data/area520a.bif",
      "file_size": 22024071,
      "file": null,
      "directory": {
        "Unknown": 64
      }
    },
    {
      "index": 154,
      "file_name": "data/25creani.bif",
      "file_size": 38419815,
      "file": null,
      "directory": {
        "Unknown": 65
      }
    },
    {
      "index": 155,
      "file_name": "data/stores.bif",
      "file_size": 156344,
      "file": null,
      "directory": "Cache"
    },
    {
      "index": 156,
      "file_name": "data/25spelan.bif",
      "file_size": 2956344,
      "file": null,
      "directory": {
        "Unknown": 65
      }
    },
    {
      "index": 157,
      "file_name": "data/25projct.bif",
      "file_size": 6820,
      "file": null,
      "directory": {
        "Unknown": 65
      }
    },
    {
      "index": 158,
      "file_name": "data/area500a.bif",
      "file_size": 20962485,
      "file": null,
      "directory": {
        "Unknown": 64
      }
    },
    {
      "index": 159,
      "file_name": "data/25miscan.bif",
      "file_size": 5124079,
      "file": null,
      "directory": {
        "Unknown": 65
      }
    },
    {
      "index": 160,
      "file_name": "data/area520b.bif",
      "file_size": 13299086,
      "file": null,
      "directory": {
        "Unknown": 64
      }
    },
    {
      "index": 161,
      "file_name": "data/area520c.bif",
      "file_size": 13104701,
      "file": null,
      "directory": {
        "Unknown": 64
      }
    },
    {
      "index": 162,
      "file_name": "movies/25movies.bif",
      "file_size": 96891690,
      "file": null,
      "directory": {
        "Unknown": 64
      }
    },
    {
      "index": 163,
      "file_name": "data/area5000.bif",
      "file_size": 18610701,
      "file": null,
      "directory": {
        "Unknown": 64
      }
    },
    {
      "index": 164,
      "file_name": "data/25ambsnd.bif",
      "file_size": 7686110,
      "file": null,
      "directory": {
        "Unknown": 65
      }
    },
    {
      "index": 165,
      "file_name": "data/area500b.bif",
      "file_size": 11310433,
      "file": null,
      "directory": {
        "Unknown": 64
      }
    },
    {
      "index": 166,
      "file_name": "data/25portrt.bif",
      "file_size": 342516,
      "file": null,
      "directory": {
        "Unknown": 65
      }
    },
    {
      "index": 167,
      "file_name": "data/25guimos.bif",
      "file_size": 3383768,
      "file": null,
      "directory": {
        "Unknown": 65
      }
    },
    {
      "index": 168,
      "file_name": "data/area6000.bif",
      "file_size": 8343848,
      "file": null,
      "directory": {
        "Unknown": 64
      }
    },
    {
      "index": 169,
      "file_name": "data/area600a.bif",
      "file_size": 11124295,
      "file": null,
      "directory": {
        "Unknown": 64
      }
    },
    {
      "index": 170,
      "file_name": "data/area600b.bif",
      "file_size": 17474912,
      "file": null,
      "directory": {
        "Unknown": 64
      }
    },
    {
      "index": 171,
      "file_name": "data/25guides.bif",
      "file_size": 2701859,
      "file": null,
      "directory": {
        "Unknown": 65
      }
    },
    {
      "index": 172,
      "file_name": "data/area6100.bif",
      "file_size": 21066759,
      "file": null,
      "directory": {
        "Unknown": 64
      }
    },
    {
      "index": 173,
      "file_name": "data/25cresou.bif",
      "file_size": 2220594,
      "file": null,
      "directory": {
        "Unknown": 65
      }
    },
    {
      "index": 174,
      "file_name": "data/area610a.bif",
      "file_size": 20509572,
      "file": null,
      "directory": {
        "Unknown": 64
      }
    },
    {
      "index": 175,
      "file_name": "data/area500c.bif",
      "file_size": 13017738,
      "file": null,
      "directory": {
        "Unknown": 64
      }
    },
    {
      "index": 176,
      "file_name": "data/area610b.bif",
      "file_size": 16838126,
      "file": null,
      "directory": {
        "Unknown": 64
      }
    },
    {
      "index": 177,
      "file_name": "data/area6200.bif",
      "file_size": 7919426,
      "file": null,
      "directory": {
        "Unknown": 64
      }
    },
    {
      "index": 178,
      "file_name": "data/area6300.bif",
      "file_size": 6455483,
      "file": null,
      "directory": {
        "Unknown": 64
      }
    },
    {
      "index": 179,
      "file_name": "data/area6400.bif",
      "file_size": 7849969,
      "file": null,
      "directory": {
        "Unknown": 64
      }
    },
    {
      "index": 180,
      "file_name": "data/25armisc.bif",
      "file_size": 655700,
      "file": null,
      "directory": {
        "Unknown": 65
      }
    },
    {
      "index": 181,
      "file_name": "data/25npcso.bif",
      "file_size": 93009187,
      "file": null,
      "directory": {
        "Unknown": 65
      }
    }
  ]
}
